node.exe : - Generating browser application bundles (phase: setup)...
At C:\Program Files\nodejs\npx.ps1:16 char:5
+     & "$basedir/node$exe"  "$basedir/node_modules/npm/bin/npx-cli.js" ...
+     ~~~~~~~~~~~~~~~~~~~~~~~~~~~~~~~~~~~~~~~~~~~~~~~~~~~~~~~~~~~~~~~~~
    + CategoryInfo          : NotSpecified: (- Generating br...hase: setup)...:String) [], RemoteException
    + FullyQualifiedErrorId : NativeCommandError
 
ΓêÜ Browser application bundle generation complete.
ΓêÜ Browser application bundle generation complete.
- Copying assets...
ΓêÜ Copying assets complete.
- Generating index html...
ΓêÜ Index html generation complete.

Initial Chunk Files                                                                                     | Names                                                          |  Raw Size
main.js                                                                                                 | main                                                           |  11.68 MB |
styles.css                                                                                              | styles                                                         | 430.24 kB |
polyfills.js                                                                                            | polyfills                                                      | 143.68 kB |
runtime.js                                                                                              | runtime                                                        |  14.32 kB |

| Initial Total                                                  |  12.25 MB

Lazy Chunk Files                                                                                        | Names                                                          |  Raw Size
src_app_project_postlogin_vendor-customer-management_vendor-customer-management_module_ts.js            | vendor-customer-management-vendor-customer-management-module   |   3.07 MB |
default-src_app_helpers_appcommonhelpers_ts-src_app_helpers_content-utils_ts-src_app_project_-96d5fa.js | product-product-module                                         |   1.29 MB |
src_app_project_postlogin_postlogin_module_ts.js                                                        | project-postlogin-postlogin-module                             |   1.10 MB |
src_app_project_postlogin_product-management_product_product_module_ts.js                               | product-product-module                                         |   1.04 MB |
default-src_app_project_postlogin_product-management_product-template_product-template_module_ts.js     | system-config-management-system-config-management-module       | 981.61 kB |
src_app_project_postlogin_container-management_container_container_module_ts.js                         | container-container-module                                     | 700.99 kB |
default-src_app_project_postlogin_order-management_customer-modules_customer-management_module_ts.js    | vendor-customer-management-vendor-customer-management-module   | 659.32 kB |
src_app_project_postlogin_campaigns-management_campaigns-management_module_ts.js                        | campaigns-management-campaigns-management-module               | 606.80 kB |
default-src_app_project_postlogin_social-broadcast-management_social-posts_social-posts_module_ts.js    | product-product-module                                         | 512.42 kB |
default-src_app_project_postlogin_order-management_vendor-modules_vendor-management_module_ts.js        | vendor-customer-management-vendor-customer-management-module   | 370.83 kB |
src_app_project_postlogin_inventory-management_inventoryin_inventoryin_module_ts.js                     | inventoryin-inventoryin-module                                 | 222.64 kB |
src_app_project_postlogin_inventory-management_inventoryout_inventoryout_module_ts.js                   | inventoryout-inventoryout-module                               | 215.98 kB |
default-src_app_layout_layout_module_ts.js                                                              | project-prelogin-prelogin-module                               | 203.91 kB |
default-src_app_project_postlogin_system-config-management_system-config-management_module_ts.js        | system-config-management-system-config-management-module       | 203.72 kB |
src_app_project_postlogin_product-management_product-management_module_ts.js                            | product-management-product-management-module                   | 192.05 kB |
default-src_app_project_postlogin_product-management_common-modals_calculate-error-modal_calc-0a9a6c.js | product-management-product-management-module                   | 154.39 kB |
src_app_project_postlogin_system-config-management_order-management_order-management_module_ts.js       | order-management-order-management-module                       | 131.03 kB |
src_app_project_prelogin_subscription_subscription_module_ts.js                                         | app-project-prelogin-subscription-subscription-module          | 127.82 kB |
src_app_project_postlogin_payment-management_payment-management_module_ts.js                            | payment-management-payment-management-module                   | 111.40 kB |
src_app_project_postlogin_product-management_product-type-subtype_product-type_module_ts.js             | product-type-subtype-product-type-module                       | 100.87 kB |
src_app_project_postlogin_system-config-management_category-management_category-management_mo-71dcf9.js | category-management-category-management-module                 |  75.29 kB |
src_app_project_postlogin_users-management_users_users_module_ts.js                                     | users-users-module                                             |  67.10 kB |
default-src_app_project_postlogin_product-management_product-template_product-template-list-f-c297d4.js | system-config-management-system-config-management-module       |  53.37 kB |
src_app_project_postlogin_system-config-management_user-management_user-management_module_ts.js         | user-management-user-management-module                         |  50.80 kB |
src_app_project_prelogin_privacy-policy_privacy-policy_module_ts.js                                     | project-prelogin-privacy-policy-privacy-policy-module          |  47.92 kB |
src_app_project_prelogin_terms-of-service_terms-of-service_module_ts.js                                 | project-prelogin-terms-of-service-terms-of-service-module      |  46.86 kB |
src_app_project_postlogin_home_home_module_ts.js                                                        | home-home-module                                               |  40.96 kB |
src_app_project_postlogin_product-management_product-tags_product-tags_module_ts.js                     | product-tags-product-tags-module                               |  37.07 kB |
src_app_project_prelogin_signup_signup_module_ts.js                                                     | signup-signup-module                                           |  33.52 kB |
src_app_project_postlogin_users-management_users-management_module_ts.js                                | users-management-users-management-module                       |  33.14 kB |
default-src_app_project_postlogin_product-management_product-template_product-template-list-f-405a3d.js | system-config-management-system-config-management-module       |  27.64 kB |
default-src_app_project_postlogin_vendor-customer-management_shared_bulk-add-dialog_bulk-add--f85eb1.js | vendor-customer-management-vendor-customer-management-module   |  24.67 kB |
src_app_project_prelogin_signin_signin_module_ts.js                                                     | signin-signin-module                                           |  17.54 kB |
src_app_project_prelogin_prelogin_module_ts.js                                                          | project-prelogin-prelogin-module                               |  17.52 kB |
src_app_project_prelogin_resetpassword_resetpassword_module_ts.js                                       | resetpassword-resetpassword-module                             |  15.97 kB |
src_app_project_prelogin_contact-us_contact-us_module_ts.js                                             | contact-us-contact-us-module                                   |  15.66 kB |
src_app_project_prelogin_forgotpassword_forgotpassword_module_ts.js                                     | forgotpassword-forgotpassword-module                           |  12.92 kB |
default-src_app_project_postlogin_business-account_services_business-registration-forms_servi-497696.js | project-postlogin-postlogin-module                             |  12.03 kB |
src_app_project_postlogin_inventory-management_inventory-management_module_ts.js                        | inventory-management-inventory-management-module               |   9.53 kB |
src_app_project_postlogin_social-broadcast-management_social-broadcast-management_module_ts.js          | social-broadcast-management-social-broadcast-management-module |   9.40 kB |
src_app_project_postlogin_container-management_container-management_module_ts.js                        | container-management-container-management-module               |   8.85 kB |
src_app_project_postlogin_order-management_order-management_module_ts.js                                | order-management-order-management-module                       |   7.23 kB |

Build at: 2026-04-21T05:14:40.823Z - Hash: 97b3761b62ca2cd0 - Time: 56473ms
